R 4 53
R 1 75
R 4 50
C R N2 thing 460 180 90 90
C R N2 square 460 185 100 100
C L N2 thing 295 185 120 120
C L N2 square 330 225 100 100
R 4 51
C R N2 thing 440 180 100 100
R 3 245
C R N2 thing 455 190 100 100
C L N2 square 325 210 100 100
C L N2 thing 310 215 95 95
C L N2 square 310 210 100 100
R 3 250
C R N2 thing 470 180 130 130
R 3 240
C L N2 thing 320 205 100 100
C L N2 square 320 200 100 100
C L N2 thing 300 200 100 100
C R N2 ball 435 195 100 100
R 3 255
R 3 250
C L N2 thing 325 205 80 80
C L N2 square 300 205 100 100
C R N2 stuff 440 180 100 100
C R N2 ball 445 190 100 100
R 3 260
R 2 150
C R N2 stuff 450 180 100 100
C R N2 ball 450 180 100 100
C R N2 stuff 460 205 100 100
C R N2 ball 450 185 100 100
R 2 160
R 2 130
C R N2 stuff 450 185 100 100
C R N2 ball 455 190 100 100
C R N2 stuff 470 190 100 100
C L N2 ball 395 365 100 100
C L N2 ball 400 295 100 100
R 2 140
R 2 120
C R N2 stuff 460 200 100 100
C R N2 ball 450 180 100 100
C L N2 stuff 280 205 100 100
C L N2 ball 400 290 100 100
C L N2 ball 395 365 100 100
R 2 120
R 4 50
R 2 100
C L N2 stuff 320 215 100 100
C L N2 ball 405 325 100 100
C L N2 stuff 310 200 100 100
C L N2 ball 395 365 100 100
C L N2 ball 400 350 100 100
R 2 110
R 4 50
R 1 74
C L N2 stuff 315 210 100 100
C R N2 square 475 190 100 100
C L N2 ball 385 315 100 100
R 4 49
R 1 73
R 4 52
R 1 78
C L N2 stuff 300 200 100 100
C R N2 square 450 180 100 100
R 4 51
R 1 70
R 4 52
C R N2 thing 455 175 100 100
C R N2 square 430 200 100 100
C R N2 square 450 195 100 100
